[stock] tickers: ['AAPL_r_close', 'AMGN_r_close', 'CRM_r_close', 'CSCO_r_close', 'IBM_r_close', 'INTC_r_close', 'MSFT_r_close', 'NKE_r_close', 'VZ_r_close', 'WMT_r_close', 'AAPL_r_high', 'AMGN_r_high', 'CRM_r_high', 'CSCO_r_high', 'IBM_r_high', 'INTC_r_high', 'MSFT_r_high', 'NKE_r_high', 'VZ_r_high', 'WMT_r_high', 'AAPL_r_low', 'AMGN_r_low', 'CRM_r_low', 'CSCO_r_low', 'IBM_r_low', 'INTC_r_low', 'MSFT_r_low', 'NKE_r_low', 'VZ_r_low', 'WMT_r_low'] | features=M | num_vars=30 | target=WMT_r_low
Args in experiment:
Namespace(ii=0, use_window_normalization=False, stage_mode='TWO', is_training=1, out_figures=1, vis_ar_part=0, vis_MTS_analysis=1, vis_history_len=336, vis_channel=0, model='DDPM', train_epochs=100, pretrain_epochs=10, sample_times=1, beta_dist_alpha=-1, our_ddpm_clip=100, seq_len=63, label_len=21, pred_len=21, dataset_name='stock', weather_type='mintemp', stock_file='stock_logret.csv', train_start='2008-01-01', train_end='2017-12-29', val_start='2018-01-02', val_end='2019-12-31', test_start='2020-01-02', test_end='2024-12-31', eval_stride=1, use_knob=1, knob_type='cumret', knob_p_uncond=0.15, knob=None, knob_channels='close', knob_guidance=1.0, features='M', target='WMT_r_low', num_vars=30, checkpoints='./checkpoints/', freq='b', interval=1000, ot_ode=True, beta_max=0.3, t0=0.0001, T=1.0, model_channels=256, nfe=100, dim_LSTM=64, diff_steps=100, UNet_Type='CNN', D3PM_kernel_size=5, use_freq_enhance=0, type_sampler='dpm', parameterization='v', ddpm_inp_embed=256, ddpm_dim_diff_steps=256, ddpm_channels_conv=256, ddpm_channels_fusion_I=256, ddpm_layers_inp=5, ddpm_layers_I=5, ddpm_layers_II=10, cond_ddpm_num_layers=30, cond_ddpm_channels_conv=32, ablation_study_case='none', weight_pred_loss=0.0, ablation_study_F_type='Linear', ablation_study_masking_type='none', ablation_study_masking_tau=0.9, learning_rate=0.0001, embed='timeF', use_gpu=True, gpu=0, use_multi_gpu=False, devices='0,1,2,3', seed=2021, num_workers=0, itr=1, batch_size=64, test_batch_size=32, use_amp=False, tag='v', DATAdir='./datasets', data='stock', model_id='stock_63_21', root_path='./datasets/prediction/stock/', data_path='stock_logret.csv', use_valset=True, knob_close_idx=[0, 1, 2, 3, 4, 5, 6, 7, 8, 9])
Use GPU: cuda:0
>>>>>>>start pretraining : stock_63_21_DDPM_stock_ftM_sl63_ll21_pl21_dt0_TWO_v>>>>>>>>>>>>>>>>>>>>>>>>>>
> train-shape (2517, 30) | rows 2008-01-03 ~ 2017-12-29 | windows: 2434
train 2434
> val-shape (566, 30) | rows 2017-10-02 ~ 2019-12-31 | windows: 483
val 483
> test-shape (1321, 30) | rows 2019-10-02 ~ 2024-12-31 | windows: 1238
test 1238
PreTraining Epoch: 1 cost time: 0.24085736274719238
PreTraining Epoch: 1, Steps: 38 | Train Loss: 1.3031080 
-------------------------
PreTraining Epoch: 2 cost time: 0.09409904479980469
PreTraining Epoch: 2, Steps: 38 | Train Loss: 1.2778676 
-------------------------
PreTraining Epoch: 3 cost time: 0.09401369094848633
PreTraining Epoch: 3, Steps: 38 | Train Loss: 1.2658880 
-------------------------
PreTraining Epoch: 4 cost time: 0.09439563751220703
PreTraining Epoch: 4, Steps: 38 | Train Loss: 1.2482615 
-------------------------
PreTraining Epoch: 5 cost time: 0.09435391426086426
PreTraining Epoch: 5, Steps: 38 | Train Loss: 1.2327381 
-------------------------
PreTraining Epoch: 6 cost time: 0.09406065940856934
PreTraining Epoch: 6, Steps: 38 | Train Loss: 1.2176193 
-------------------------
PreTraining Epoch: 7 cost time: 0.09386968612670898
PreTraining Epoch: 7, Steps: 38 | Train Loss: 1.2034926 
-------------------------
PreTraining Epoch: 8 cost time: 0.09455680847167969
PreTraining Epoch: 8, Steps: 38 | Train Loss: 1.1900326 
-------------------------
PreTraining Epoch: 9 cost time: 0.09470152854919434
PreTraining Epoch: 9, Steps: 38 | Train Loss: 1.1771593 
-------------------------
PreTraining Epoch: 10 cost time: 0.09392738342285156
PreTraining Epoch: 10, Steps: 38 | Train Loss: 1.1654287 
-------------------------
>>>>>>>start training : stock_63_21_DDPM_stock_ftM_sl63_ll21_pl21_dt0_TWO_v>>>>>>>>>>>>>>>>>>>>>>>>>>
Successfully loading pretrained model!
> train-shape (2517, 30) | rows 2008-01-03 ~ 2017-12-29 | windows: 2434
train 2434
> val-shape (566, 30) | rows 2017-10-02 ~ 2019-12-31 | windows: 483
val 483
> test-shape (1321, 30) | rows 2019-10-02 ~ 2024-12-31 | windows: 1238
test 1238
Epoch: 1 cost time: 0.788794994354248
Epoch: 1, Steps: 38 | Train Loss: 1.2191238 Val Loss: 1.9646575 
-------------------------
Epoch: 2 cost time: 0.5852339267730713
Epoch: 2, Steps: 38 | Train Loss: 1.0024085 Val Loss: 1.9287081 
-------------------------
Epoch: 3 cost time: 0.5901000499725342
Epoch: 3, Steps: 38 | Train Loss: 0.9735411 Val Loss: 1.9481146 
Epoch: 4 cost time: 0.6130466461181641
Epoch: 4, Steps: 38 | Train Loss: 0.9446926 Val Loss: 1.9311355 
Epoch: 5 cost time: 0.5756189823150635
Epoch: 5, Steps: 38 | Train Loss: 0.9076266 Val Loss: 1.9486173 
Epoch: 6 cost time: 0.562222957611084
Epoch: 6, Steps: 38 | Train Loss: 0.8822458 Val Loss: 1.9712776 
Epoch: 7 cost time: 0.5668516159057617
Epoch: 7, Steps: 38 | Train Loss: 0.8440984 Val Loss: 1.9800171 
Epoch: 8 cost time: 0.5771801471710205
Epoch: 8, Steps: 38 | Train Loss: 0.8367385 Val Loss: 1.9495637 
Epoch: 9 cost time: 0.5727109909057617
Epoch: 9, Steps: 38 | Train Loss: 0.8252946 Val Loss: 1.9326657 
Epoch: 10 cost time: 0.5649693012237549
Epoch: 10, Steps: 38 | Train Loss: 0.8234497 Val Loss: 1.9345475 
Epoch: 11 cost time: 0.5583996772766113
Epoch: 11, Steps: 38 | Train Loss: 0.8123994 Val Loss: 1.9385525 
Epoch: 12 cost time: 0.5834434032440186
Epoch: 12, Steps: 38 | Train Loss: 0.8125073 Val Loss: 1.9670489 
Epoch: 13 cost time: 0.5786302089691162
Epoch: 13, Steps: 38 | Train Loss: 0.8050900 Val Loss: 1.9737984 
Epoch: 14 cost time: 0.545551061630249
Epoch: 14, Steps: 38 | Train Loss: 0.8068247 Val Loss: 2.0007498 
Epoch: 15 cost time: 0.5744771957397461
Epoch: 15, Steps: 38 | Train Loss: 0.7980207 Val Loss: 1.9969751 
Epoch: 16 cost time: 0.5665581226348877
Epoch: 16, Steps: 38 | Train Loss: 0.7915034 Val Loss: 1.9830822 
Epoch: 17 cost time: 0.5791957378387451
Epoch: 17, Steps: 38 | Train Loss: 0.7976468 Val Loss: 1.9594235 
Epoch: 18 cost time: 0.5837149620056152
Epoch: 18, Steps: 38 | Train Loss: 0.7896180 Val Loss: 1.9524416 
Epoch: 19 cost time: 0.5672755241394043
Epoch: 19, Steps: 38 | Train Loss: 0.7855265 Val Loss: 1.9384006 
Epoch: 20 cost time: 0.5652868747711182
Epoch: 20, Steps: 38 | Train Loss: 0.7721101 Val Loss: 1.9414946 
Epoch: 21 cost time: 0.566753625869751
Epoch: 21, Steps: 38 | Train Loss: 0.7821219 Val Loss: 1.9444857 
Epoch: 22 cost time: 0.5783243179321289
Epoch: 22, Steps: 38 | Train Loss: 0.7839998 Val Loss: 1.9225296 
-------------------------
Epoch: 23 cost time: 0.5520439147949219
Epoch: 23, Steps: 38 | Train Loss: 0.7740466 Val Loss: 1.9185022 
-------------------------
Epoch: 24 cost time: 0.5655767917633057
Epoch: 24, Steps: 38 | Train Loss: 0.7680544 Val Loss: 1.9336772 
Epoch: 25 cost time: 0.5553133487701416
Epoch: 25, Steps: 38 | Train Loss: 0.7695726 Val Loss: 1.9136294 
-------------------------
Epoch: 26 cost time: 0.5522022247314453
Epoch: 26, Steps: 38 | Train Loss: 0.7650720 Val Loss: 1.9266163 
Epoch: 27 cost time: 0.5605587959289551
Epoch: 27, Steps: 38 | Train Loss: 0.7663624 Val Loss: 1.9304506 
Epoch: 28 cost time: 0.5599191188812256
Epoch: 28, Steps: 38 | Train Loss: 0.7661616 Val Loss: 1.9207399 
Epoch: 29 cost time: 0.5772895812988281
Epoch: 29, Steps: 38 | Train Loss: 0.7597782 Val Loss: 1.9298737 
Epoch: 30 cost time: 0.5522284507751465
Epoch: 30, Steps: 38 | Train Loss: 0.7574329 Val Loss: 1.9249777 
Epoch: 31 cost time: 0.5975923538208008
Epoch: 31, Steps: 38 | Train Loss: 0.7585766 Val Loss: 1.9151161 
Epoch: 32 cost time: 0.5770866870880127
Epoch: 32, Steps: 38 | Train Loss: 0.7556287 Val Loss: 1.9195573 
Epoch: 33 cost time: 0.58247971534729
Epoch: 33, Steps: 38 | Train Loss: 0.7593656 Val Loss: 1.9175659 
Epoch: 34 cost time: 0.5679750442504883
Epoch: 34, Steps: 38 | Train Loss: 0.7473911 Val Loss: 1.9183127 
Epoch: 35 cost time: 0.5884120464324951
Epoch: 35, Steps: 38 | Train Loss: 0.7537304 Val Loss: 1.9193594 
Epoch: 36 cost time: 0.5970427989959717
Epoch: 36, Steps: 38 | Train Loss: 0.7516419 Val Loss: 1.9162751 
Epoch: 37 cost time: 0.5773322582244873
Epoch: 37, Steps: 38 | Train Loss: 0.7484383 Val Loss: 1.9027226 
-------------------------
Epoch: 38 cost time: 0.5977904796600342
Epoch: 38, Steps: 38 | Train Loss: 0.7454211 Val Loss: 1.9037130 
Epoch: 39 cost time: 0.552579402923584
Epoch: 39, Steps: 38 | Train Loss: 0.7438404 Val Loss: 1.8958995 
-------------------------
Epoch: 40 cost time: 0.5953185558319092
Epoch: 40, Steps: 38 | Train Loss: 0.7426313 Val Loss: 1.8959768 
Epoch: 41 cost time: 0.5945568084716797
Epoch: 41, Steps: 38 | Train Loss: 0.7359148 Val Loss: 1.8995442 
Epoch: 42 cost time: 0.5777668952941895
Epoch: 42, Steps: 38 | Train Loss: 0.7332023 Val Loss: 1.9054074 
Epoch: 43 cost time: 0.6032383441925049
Epoch: 43, Steps: 38 | Train Loss: 0.7349813 Val Loss: 1.9062026 
Epoch: 44 cost time: 0.6359333992004395
Epoch: 44, Steps: 38 | Train Loss: 0.7336546 Val Loss: 1.8869132 
-------------------------
Epoch: 45 cost time: 0.5893714427947998
Epoch: 45, Steps: 38 | Train Loss: 0.7317872 Val Loss: 1.8999263 
Epoch: 46 cost time: 0.5878775119781494
Epoch: 46, Steps: 38 | Train Loss: 0.7303898 Val Loss: 1.8786271 
-------------------------
Epoch: 47 cost time: 0.6344540119171143
Epoch: 47, Steps: 38 | Train Loss: 0.7265898 Val Loss: 1.9031212 
Epoch: 48 cost time: 0.6083831787109375
Epoch: 48, Steps: 38 | Train Loss: 0.7267676 Val Loss: 1.8919899 
Epoch: 49 cost time: 0.6358590126037598
Epoch: 49, Steps: 38 | Train Loss: 0.7243747 Val Loss: 1.8907523 
Epoch: 50 cost time: 0.5910704135894775
Epoch: 50, Steps: 38 | Train Loss: 0.7211227 Val Loss: 1.8929458 
Epoch: 51 cost time: 0.6428492069244385
Epoch: 51, Steps: 38 | Train Loss: 0.7199059 Val Loss: 1.9034975 
Epoch: 52 cost time: 0.5979242324829102
Epoch: 52, Steps: 38 | Train Loss: 0.7199318 Val Loss: 1.9001099 
Epoch: 53 cost time: 0.5738232135772705
Epoch: 53, Steps: 38 | Train Loss: 0.7142916 Val Loss: 1.8993335 
Epoch: 54 cost time: 0.5965931415557861
Epoch: 54, Steps: 38 | Train Loss: 0.7153930 Val Loss: 1.8871572 
Epoch: 55 cost time: 0.6134166717529297
Epoch: 55, Steps: 38 | Train Loss: 0.7113731 Val Loss: 1.8912444 
Epoch: 56 cost time: 0.5684881210327148
Epoch: 56, Steps: 38 | Train Loss: 0.7143789 Val Loss: 1.8960268 
Epoch: 57 cost time: 0.5878870487213135
Epoch: 57, Steps: 38 | Train Loss: 0.7140785 Val Loss: 1.8900316 
Epoch: 58 cost time: 0.5875711441040039
Epoch: 58, Steps: 38 | Train Loss: 0.7080733 Val Loss: 1.8915747 
Epoch: 59 cost time: 0.5544929504394531
Epoch: 59, Steps: 38 | Train Loss: 0.7115984 Val Loss: 1.9038684 
Epoch: 60 cost time: 0.5540838241577148
Epoch: 60, Steps: 38 | Train Loss: 0.7089979 Val Loss: 1.8962483 
Epoch: 61 cost time: 0.5597884654998779
Epoch: 61, Steps: 38 | Train Loss: 0.7081413 Val Loss: 1.8848939 
Epoch: 62 cost time: 0.5616600513458252
Epoch: 62, Steps: 38 | Train Loss: 0.7059612 Val Loss: 1.8828192 
Epoch: 63 cost time: 0.5733966827392578
Epoch: 63, Steps: 38 | Train Loss: 0.7046521 Val Loss: 1.8928108 
Epoch: 64 cost time: 0.5511858463287354
Epoch: 64, Steps: 38 | Train Loss: 0.7018919 Val Loss: 1.8995999 
Epoch: 65 cost time: 0.5471961498260498
Epoch: 65, Steps: 38 | Train Loss: 0.7013885 Val Loss: 1.8894206 
Epoch: 66 cost time: 0.5856368541717529
Epoch: 66, Steps: 38 | Train Loss: 0.7006114 Val Loss: 1.8880364 
Epoch: 67 cost time: 0.5617375373840332
Epoch: 67, Steps: 38 | Train Loss: 0.7020231 Val Loss: 1.8786994 
Epoch: 68 cost time: 0.583528995513916
Epoch: 68, Steps: 38 | Train Loss: 0.6979780 Val Loss: 1.8872622 
Epoch: 69 cost time: 0.5520603656768799
Epoch: 69, Steps: 38 | Train Loss: 0.6962674 Val Loss: 1.8885795 
Epoch: 70 cost time: 0.5868837833404541
Epoch: 70, Steps: 38 | Train Loss: 0.6966259 Val Loss: 1.8858961 
Epoch: 71 cost time: 0.558302640914917
Epoch: 71, Steps: 38 | Train Loss: 0.6985588 Val Loss: 1.8873926 
Epoch: 72 cost time: 0.5241546630859375
Epoch: 72, Steps: 38 | Train Loss: 0.6989936 Val Loss: 1.8760966 
-------------------------
Epoch: 73 cost time: 0.5471422672271729
Epoch: 73, Steps: 38 | Train Loss: 0.6938701 Val Loss: 1.8877108 
Epoch: 74 cost time: 0.5451343059539795
Epoch: 74, Steps: 38 | Train Loss: 0.6911100 Val Loss: 1.8882343 
Epoch: 75 cost time: 0.5577738285064697
Epoch: 75, Steps: 38 | Train Loss: 0.6942158 Val Loss: 1.8888546 
Epoch: 76 cost time: 0.559302806854248
Epoch: 76, Steps: 38 | Train Loss: 0.6952578 Val Loss: 1.8792473 
Epoch: 77 cost time: 0.5587873458862305
Epoch: 77, Steps: 38 | Train Loss: 0.6940036 Val Loss: 1.8910841 
Epoch: 78 cost time: 0.5512762069702148
Epoch: 78, Steps: 38 | Train Loss: 0.6931533 Val Loss: 1.8896097 
Epoch: 79 cost time: 0.5396454334259033
Epoch: 79, Steps: 38 | Train Loss: 0.6934135 Val Loss: 1.8870492 
Epoch: 80 cost time: 0.5639410018920898
Epoch: 80, Steps: 38 | Train Loss: 0.6930195 Val Loss: 1.8832093 
Epoch: 81 cost time: 0.5584399700164795
Epoch: 81, Steps: 38 | Train Loss: 0.6907541 Val Loss: 1.8872839 
Epoch: 82 cost time: 0.5646302700042725
Epoch: 82, Steps: 38 | Train Loss: 0.6921897 Val Loss: 1.8806171 
Epoch: 83 cost time: 0.5919744968414307
Epoch: 83, Steps: 38 | Train Loss: 0.6919320 Val Loss: 1.8841299 
Epoch: 84 cost time: 0.6357076168060303
Epoch: 84, Steps: 38 | Train Loss: 0.6901893 Val Loss: 1.8648708 
-------------------------
Epoch: 85 cost time: 0.6157927513122559
Epoch: 85, Steps: 38 | Train Loss: 0.6906360 Val Loss: 1.8925802 
Epoch: 86 cost time: 0.5944943428039551
Epoch: 86, Steps: 38 | Train Loss: 0.6876005 Val Loss: 1.8883169 
Epoch: 87 cost time: 0.6047143936157227
Epoch: 87, Steps: 38 | Train Loss: 0.6919429 Val Loss: 1.8827248 
Epoch: 88 cost time: 0.6109399795532227
Epoch: 88, Steps: 38 | Train Loss: 0.6880456 Val Loss: 1.8833576 
Epoch: 89 cost time: 0.6084275245666504
Epoch: 89, Steps: 38 | Train Loss: 0.6889729 Val Loss: 1.8814236 
Epoch: 90 cost time: 0.5890743732452393
Epoch: 90, Steps: 38 | Train Loss: 0.6899135 Val Loss: 1.8830738 
Epoch: 91 cost time: 0.5859029293060303
Epoch: 91, Steps: 38 | Train Loss: 0.6859020 Val Loss: 1.8831010 
Epoch: 92 cost time: 0.6192212104797363
Epoch: 92, Steps: 38 | Train Loss: 0.6890232 Val Loss: 1.8754668 
Epoch: 93 cost time: 0.6328411102294922
Epoch: 93, Steps: 38 | Train Loss: 0.6876446 Val Loss: 1.8798430 
Epoch: 94 cost time: 0.5720458030700684
Epoch: 94, Steps: 38 | Train Loss: 0.6897249 Val Loss: 1.8802834 
Epoch: 95 cost time: 0.5949506759643555
Epoch: 95, Steps: 38 | Train Loss: 0.6902411 Val Loss: 1.8819059 
Epoch: 96 cost time: 0.5903701782226562
Epoch: 96, Steps: 38 | Train Loss: 0.6886255 Val Loss: 1.8900257 
Epoch: 97 cost time: 0.5789027214050293
Epoch: 97, Steps: 38 | Train Loss: 0.6865258 Val Loss: 1.8769524 
Epoch: 98 cost time: 0.6023015975952148
Epoch: 98, Steps: 38 | Train Loss: 0.6899280 Val Loss: 1.8772991 
Epoch: 99 cost time: 0.5650606155395508
Epoch: 99, Steps: 38 | Train Loss: 0.6858994 Val Loss: 1.8815113 
Epoch: 100 cost time: 0.599163293838501
Epoch: 100, Steps: 38 | Train Loss: 0.6920773 Val Loss: 1.8844558 
[loss curve] saved to ./checkpoints/stock_63_21_DDPM_stock_ftM_sl63_ll21_pl21_dt0_TWO_v/loss_curve.png
[loss curve] train: first10avg=0.925922 -> last10avg=0.688559 (-25.6%)
[loss curve] val  : first10avg=1.948930 -> last10avg=1.881084 (-3.5%)
>>>>>>>testing : stock_63_21_DDPM_stock_ftM_sl63_ll21_pl21_dt0_TWO_v<<<<<<<<<<<<<<<<<<<<<<<<<<<<<<<<<
> test-shape (1321, 30) | rows 2019-10-02 ~ 2024-12-31 | windows: 1238
test 1238
Successfully loading trained model!
Elapsed time: 5.16 ms
Elapsed time: 5.02 ms
Elapsed time: 4.94 ms
Elapsed time: 4.95 ms
Elapsed time: 4.99 ms
id_worst 5
top5 [ 4 25  7  5 15]
(1216, 21, 30)
(1216, 21)
mse|mae|rmse|mape|mspe|corr
2.0878382 1.0839735 1.4449353 9.1770115 44506.688 0.4091484
saved ./checkpoints/stock_63_21_DDPM_stock_ftM_sl63_ll21_pl21_dt0_TWO_v/test_predictions.csv
saved ./checkpoints/stock_63_21_DDPM_stock_ftM_sl63_ll21_pl21_dt0_TWO_v/test_ground_truth.csv
saved ./checkpoints/stock_63_21_DDPM_stock_ftM_sl63_ll21_pl21_dt0_TWO_v/volatility_check.png
saved ./checkpoints/stock_63_21_DDPM_stock_ftM_sl63_ll21_pl21_dt0_TWO_v/volatility_check_by_ticker.png
saved ./checkpoints/stock_63_21_DDPM_stock_ftM_sl63_ll21_pl21_dt0_TWO_v/distribution_check.png
saved ./checkpoints/stock_63_21_DDPM_stock_ftM_sl63_ll21_pl21_dt0_TWO_v/distribution_check_by_ticker.png
[stock] metrics appended to ./result_logs/result_stock.txt
