[stock] tickers: ['AAPL_r_close', 'AMGN_r_close', 'CRM_r_close', 'CSCO_r_close', 'IBM_r_close', 'INTC_r_close', 'MSFT_r_close', 'NKE_r_close', 'VZ_r_close', 'WMT_r_close', 'AAPL_r_high', 'AMGN_r_high', 'CRM_r_high', 'CSCO_r_high', 'IBM_r_high', 'INTC_r_high', 'MSFT_r_high', 'NKE_r_high', 'VZ_r_high', 'WMT_r_high', 'AAPL_r_low', 'AMGN_r_low', 'CRM_r_low', 'CSCO_r_low', 'IBM_r_low', 'INTC_r_low', 'MSFT_r_low', 'NKE_r_low', 'VZ_r_low', 'WMT_r_low'] | features=M | num_vars=30 | target=WMT_r_low
setting : stock_63_21_DDPM_stock_ftM_sl63_ll21_pl21_dt0_TWO_v
mode    : year | sample_times = 20
Use GPU: cuda:0
loaded  : ./checkpoints/stock_63_21_DDPM_stock_ftM_sl63_ll21_pl21_dt0_TWO_v/checkpoint.pth
> test-shape (315, 30) | rows 2023-10-02 ~ 2024-12-31 | windows: 232
test 232
channels: ['AAPL', 'AMGN', 'CRM', 'CSCO', 'IBM', 'INTC', 'MSFT', 'NKE', 'VZ', 'WMT']
windows : [0, 21, 42, 63, 84, 105, 126, 147, 168, 189, 210, 231]
saved ./checkpoints/stock_63_21_DDPM_stock_ftM_sl63_ll21_pl21_dt0_TWO_v/price_plots_2024/AAPL_logret.png
saved ./checkpoints/stock_63_21_DDPM_stock_ftM_sl63_ll21_pl21_dt0_TWO_v/price_plots_2024/AAPL_price.png
saved ./checkpoints/stock_63_21_DDPM_stock_ftM_sl63_ll21_pl21_dt0_TWO_v/price_plots_2024/AMGN_logret.png
saved ./checkpoints/stock_63_21_DDPM_stock_ftM_sl63_ll21_pl21_dt0_TWO_v/price_plots_2024/AMGN_price.png
saved ./checkpoints/stock_63_21_DDPM_stock_ftM_sl63_ll21_pl21_dt0_TWO_v/price_plots_2024/CRM_logret.png
saved ./checkpoints/stock_63_21_DDPM_stock_ftM_sl63_ll21_pl21_dt0_TWO_v/price_plots_2024/CRM_price.png
saved ./checkpoints/stock_63_21_DDPM_stock_ftM_sl63_ll21_pl21_dt0_TWO_v/price_plots_2024/CSCO_logret.png
saved ./checkpoints/stock_63_21_DDPM_stock_ftM_sl63_ll21_pl21_dt0_TWO_v/price_plots_2024/CSCO_price.png
saved ./checkpoints/stock_63_21_DDPM_stock_ftM_sl63_ll21_pl21_dt0_TWO_v/price_plots_2024/IBM_logret.png
saved ./checkpoints/stock_63_21_DDPM_stock_ftM_sl63_ll21_pl21_dt0_TWO_v/price_plots_2024/IBM_price.png
saved ./checkpoints/stock_63_21_DDPM_stock_ftM_sl63_ll21_pl21_dt0_TWO_v/price_plots_2024/INTC_logret.png
saved ./checkpoints/stock_63_21_DDPM_stock_ftM_sl63_ll21_pl21_dt0_TWO_v/price_plots_2024/INTC_price.png
saved ./checkpoints/stock_63_21_DDPM_stock_ftM_sl63_ll21_pl21_dt0_TWO_v/price_plots_2024/MSFT_logret.png
saved ./checkpoints/stock_63_21_DDPM_stock_ftM_sl63_ll21_pl21_dt0_TWO_v/price_plots_2024/MSFT_price.png
saved ./checkpoints/stock_63_21_DDPM_stock_ftM_sl63_ll21_pl21_dt0_TWO_v/price_plots_2024/NKE_logret.png
saved ./checkpoints/stock_63_21_DDPM_stock_ftM_sl63_ll21_pl21_dt0_TWO_v/price_plots_2024/NKE_price.png
saved ./checkpoints/stock_63_21_DDPM_stock_ftM_sl63_ll21_pl21_dt0_TWO_v/price_plots_2024/VZ_logret.png
saved ./checkpoints/stock_63_21_DDPM_stock_ftM_sl63_ll21_pl21_dt0_TWO_v/price_plots_2024/VZ_price.png
saved ./checkpoints/stock_63_21_DDPM_stock_ftM_sl63_ll21_pl21_dt0_TWO_v/price_plots_2024/WMT_logret.png
saved ./checkpoints/stock_63_21_DDPM_stock_ftM_sl63_ll21_pl21_dt0_TWO_v/price_plots_2024/WMT_price.png

ticker   price MAPE% chain MAPE%   direction hit%    GBM MAPE%         GBM hit%
AAPL            3.50        6.35             58.3         4.27             50.0
AMGN            4.54        6.38             50.0         4.70             50.0
CRM             4.65        9.77             58.3         5.16             75.0
CSCO            2.39        6.34             66.7         2.29             66.7
IBM             3.36       14.09             75.0         3.78             50.0
INTC           10.49       94.00             50.0        12.51             41.7
MSFT            3.30        7.05             66.7         3.43             58.3
NKE             4.38       35.11             41.7         5.03             58.3
VZ              3.48       13.65             41.7         4.22             41.7
WMT             2.99       22.07             75.0         2.51             75.0
(direction hit% = sign of the 21-step cumulative return, over 12 windows)
(price MAPE% re-anchors every block on the real close; chain MAPE% is the continuous path, so its error compounds across blocks)
(GBM = geometric Brownian motion, hist drift, 2000 paths fitted per input window)
